[Licensing::Module] Trying to connect to existing licensing client channel...
Built from '6000.5/staging' branch; Version is '6000.5.7f1 (017862109af0) revision 96354'; Using compiler version '194234433'; Build Type 'Release'
[Licensing::IpcConnector] Successfully connected to: "LicenseClient-cgardner4864" at "2026-10-08T13:53:26.6743897Z"
OS: 'Windows 11  (10.0.26200) Enterprise' Language: 'en' Physical Memory: 32454 MB
BatchMode: 0, IsHumanControllingUs: 1, StartBugReporterOnCrash: 1, Is64bit: 1
System  architecture: x64
Process architecture: x64
Date: 2026-10-08T13:53:26Z

COMMAND LINE ARGUMENTS:
C:\Program Files\Unity\Hub\Editor\6000.5.7f1\Editor\Unity.exe
-projectpath
C:\Users\cgardner4864\Documents\GitHub\Holy-Guac\Holy guac map
-acceptSoftwareTermsForThisRunOnly
-useHub
-hubIPC
-cloudEnvironment
production
-licensingIpc
LicenseClient-cgardner4864
-hubSessionId
ba01392a-42bb-4e3e-9165-0e2c06fdf638
-accessToken
K81Bdk7BowZj2s8n1GsrhmkTFusMfpPZEHxYJlRIPdw002f
Successfully changed project path to: C:\Users\cgardner4864\Documents\GitHub\Holy-Guac\Holy guac map
C:/Users/cgardner4864/Documents/GitHub/Holy-Guac/Holy guac map
[UnityMemory] Configuration Parameters - Can be set up in boot.config
    "memorysetup-temp-allocator-size-gi-baking-worker=262144"
    "memorysetup-temp-allocator-size-gi-baking-worker=262144"
    "memorysetup-temp-allocator-size-gi-baking-worker=262144"
    "memorysetup-temp-allocator-size-gi-baking-worker=262144"
    "memorysetup-temp-allocator-size-gi-baking-worker=262144"
    "memorysetup-temp-allocator-size-nav-mesh-worker=65536"
    "memorysetup-temp-allocator-size-audio-worker=65536"
    "memorysetup-temp-allocator-size-cloud-worker=32768"
    "memorysetup-temp-allocator-size-gfx=262144"
    "memorysetup-temp-allocator-size-preload-manager=33554432"
    "memorysetup-allocator-temp-initial-block-size-main=262144"
    "memorysetup-allocator-temp-initial-block-size-worker=262144"
    "memorysetup-temp-allocator-size-job-worker=262144"
    "memorysetup-temp-allocator-size-background-worker=32768"
    "memorysetup-bucket-allocator-granularity=16"
    "memorysetup-bucket-allocator-bucket-count=8"
    "memorysetup-bucket-allocator-block-size=33554432"
    "memorysetup-bucket-allocator-block-count=8"
    "memorysetup-main-allocator-block-size=16777216"
    "memorysetup-thread-allocator-block-size=16777216"
    "memorysetup-main-allocator-mimalloc-enabled=0"
    "memorysetup-gfx-main-allocator-block-size=16777216"
    "memorysetup-gfx-thread-allocator-block-size=16777216"
    "memorysetup-cache-allocator-block-size=4194304"
    "memorysetup-typetree-allocator-block-size=2097152"
    "memorysetup-profiler-bucket-allocator-granularity=16"
    "memorysetup-profiler-bucket-allocator-bucket-count=8"
    "memorysetup-profiler-bucket-allocator-block-size=33554432"
    "memorysetup-profiler-bucket-allocator-block-count=8"
    "memorysetup-profiler-allocator-block-size=16777216"
    "memorysetup-profiler-editor-allocator-block-size=1048576"
    "memorysetup-temp-allocator-size-main=16777216"
    "memorysetup-job-temp-allocator-block-size=2097152"
    "memorysetup-job-temp-allocator-block-size-background=1048576"
    "memorysetup-job-temp-allocator-reduction-small-platforms=262144"
Player connection [27596]  Target information:

Player connection [27596]  * "[IP] 172.17.162.22 [Port] 55504 [Flags] 2 [Guid] 4146246090 [EditorId] 4146246090 [Version] 1048832 [Id] WindowsEditor(7,CTE-D-BUS-05) [Debug] 1 [PackageName] WindowsEditor [ProjectName] Editor" 

Player connection [27596] Host joined multi-casting on [225.0.0.222:54997]...
Player connection [27596] Host joined alternative multi-casting on [225.0.0.222:34997]...
Input System module state changed to: Initialized.
[Physics::Module] Initialized fallback backend.
[Physics::Module] Id: 0xdecafbad
[Package Manager] Connected to IPC stream "Upm-30036" after 0.1 seconds.
[Licensing::Module] Licensing is not yet initialized.
[Licensing::Client] Error: HandshakeResponse reported an error:
	ResponseCode: 505
	ResponseStatus: Unsupported protocol version '1.18.1'.
[Licensing::Module] Error: Failed to handshake to channel: "LicenseClient-cgardner4864"
[Licensing::IpcConnector] LicenseClient-cgardner4864 channel disconnected successfully.
[Licensing::IpcConnector] Channel LicenseClient-cgardner4864-6000.5.7 doesn't exist
[Licensing::Module] Successfully launched the LicensingClient (PId: 6956)
Starting IPC server.
Waiting for clients to connect on \\.\pipe\Unity-LicenseClient-cgardner4864-6000.5.7, press Ctrl-C to exit.
[Licensing::IpcConnector] Successfully connected to: "LicenseClient-cgardner4864-6000.5.7" at "2026-10-08T13:53:28.1523184Z"
[Licensing::Client] Code 10 while verifying Licensing Client signature (process Id: 6956, path: "C:/Program Files/Unity/Hub/Editor/6000.5.7f1/Editor/Data/Resources/Licensing/Client/Unity.Licensing.Client.exe")
[Licensing::Module] LicensingClient has failed validation; ignoring
[Licensing::Client] Handshaking with LicensingClient:
  Version:                 1.18.1+9fbee8e
  Session Id:              84e408785a4b493e929b3ed893e15c98
  Correlation Id:          6cecee9ce9923fa9f284bd7f4004d4a2
  External correlation Id: 1119836405249084412
  Machine Id:              o6y3aD8r9/j/Q5p9E9OV5pnfgJ8=
[Licensing::Module] Successfully connected to LicensingClient on channel: "LicenseClient-cgardner4864-6000.5.7" (connect: 0.16s, validation: 0.04s, handshake: 0.01s)
[Licensing::IpcConnector] Successfully connected to: "LicenseClient-cgardner4864-6000.5.7-notifications" at "2026-10-08T13:53:28.2035483Z"
[Licensing::Module] Connected to LicensingClient (PId: 6956, launch time: 0.00, total connection time: 0.21s)
[Licensing::Client] Successfully updated the access token
[Licensing::Module] Successfully updated the access token K81Bdk7Bow...
[Licensing::Client] Successfully resolved entitlement details
[Licensing::Module] License group:
  Id: 2475879046101-UnityPersXXXX
  Product: Unity Personal
  Type: Assigned
  Expiration: Unlimited
[Licensing::Client] Successfully updated license, isAsync: True, time: 0.00
[Licensing::Client] Successfully resolved entitlement details
[Licensing::Module] Licensing Background thread has ended after 1.59s
[Licensing::Module] Licensing is initialized (took 1.32s).
[Licensing::Client] Successfully resolved entitlement details
Library Redirect Path: Library/
[Physics::Module] Selected backend.
[Physics::Module] Name: PhysX
[Physics::Module] Id: 0xf2b8ea05
[Physics::Module] SDK Version: 4.1.2
[Physics::Module] Integration Version: 1.0.0
[Physics::Module] Threading Mode: Multi-Threaded
Artifact Garbage Collection - Removed 77 unused hashed content files
Initialize engine version: 6000.5.7f1 (017862109af0)
[Subsystems] Discovering subsystems at path C:/Program Files/Unity/Hub/Editor/6000.5.7f1/Editor/Data/Resources/UnitySubsystems
[Subsystems] Discovering subsystems at path C:/Users/cgardner4864/Documents/GitHub/Holy-Guac/Holy guac map/Assets
[D3D12 Device Filter] Vendor Name: NVIDIA
[D3D12 Device Filter] Device Name: NVIDIA T1000 8GB
[D3D12 Device Filter] Driver Version: 32.0.15.9671
[D3D12 Device Filter] Feature Level: 12.1
[D3D12 Device Filter] Graphics Memory: 8015 MB
[D3D12 Device Filter] Processor Count: 32
[D3D12 Device Filter] Device Type: Discrete
GfxDevice: creating device client; kGfxThreadingModeSplitJobs
d3d12: failed to query info queue interface (0x80004002).
Direct3D:
    Version:         Direct3D 12 [level 12.1]
    Renderer:        NVIDIA T1000 8GB (ID=0x1ff0)
    Vendor:          NVIDIA
    VRAM:            8015 MB
    App VRAM Budget: 7247 MB
    Driver:          32.0.15.9671
Initialize mono
Mono path[0] = 'C:/Program Files/Unity/Hub/Editor/6000.5.7f1/Editor/Data/Managed'
Mono path[1] = 'C:/Program Files/Unity/Hub/Editor/6000.5.7f1/Editor/Data/BCLExtensions/runtime/netstandard2.1'
Mono path[2] = 'C:/Program Files/Unity/Hub/Editor/6000.5.7f1/Editor/Data/MonoBleedingEdge/lib/mono/unityjit-win32'
Mono config path = 'C:/Program Files/Unity/Hub/Editor/6000.5.7f1/Editor/Data/MonoBleedingEdge/etc'
Using monoOptions --debugger-agent=transport=dt_socket,embedding=1,server=y,suspend=n,address=127.0.0.1:56036
CodeReloadManager initialized
ImportWorker Server TCP listen port: 0
AcceleratorClientConnectionCallback - disconnected - :0
Begin MonoManager ReloadAssembly
Registering precompiled unity dll's ...
Register platform support module: C:/Program Files/Unity/Hub/Editor/6000.5.7f1/Editor/Data/PlaybackEngines/WindowsStandaloneSupport/UnityEditor.WindowsStandalone.Extensions.dll
Registered in 0.001064 seconds.
Native extension for WindowsStandalone target not found
Package Manager log level set to [2]
ScheduleIndexationOnStartup MainProcess:False IndexOnStartup:True
Mono: successfully reloaded assembly
- Finished resetting the current domain, in  0.266 seconds
Domain Reload Profiling: 601ms
	BeginReloadAssembly (98ms)
		CreateAndSetChildDomain (14ms)
	RebuildCommonClasses (3ms)
	RebuildNativeTypeToScriptingClass (10ms)
	initialDomainReloadingComplete (42ms)
	LoadAllAssembliesAndSetupDomain (179ms)
		LoadAssemblies (82ms)
		AnalyzeDomain (130ms)
			TypeCache.Refresh (129ms)
				TypeCache.ScanAssembly (119ms)
	FinalizeReload (268ms)
		SetupLoadedEditorAssemblies (0ms)
			BeforeProcessingInitializeOnLoad (58ms)
			ProcessInitializeOnLoadAttributes (59ms)
			ProcessInitializeOnLoadMethodAttributes (98ms)
[Licensing::Client] Successfully resolved entitlement details
Application.AssetDatabase Initial Refresh Start
[Package Manager] Restoring resolved packages state from cache
[Licensing::Client] Successfully resolved entitlement details
[Package Manager] Registered 37 packages:
  Built-in packages:
    com.unity.multiplayer.center@1.0.1 (location: C:\Users\cgardner4864\Documents\GitHub\Holy-Guac\Holy guac map\Library\PackageCache\com.unity.multiplayer.center@b860850997d0)
    com.unity.modules.accessibility@1.0.0 (location: C:\Users\cgardner4864\Documents\GitHub\Holy-Guac\Holy guac map\Library\PackageCache\com.unity.modules.accessibility)
    com.unity.modules.adaptiveperformance@1.0.0 (location: C:\Users\cgardner4864\Documents\GitHub\Holy-Guac\Holy guac map\Library\PackageCache\com.unity.modules.adaptiveperformance)
    com.unity.modules.ai@1.0.0 (location: C:\Users\cgardner4864\Documents\GitHub\Holy-Guac\Holy guac map\Library\PackageCache\com.unity.modules.ai)
    com.unity.modules.androidjni@1.0.0 (location: C:\Users\cgardner4864\Documents\GitHub\Holy-Guac\Holy guac map\Library\PackageCache\com.unity.modules.androidjni)
    com.unity.modules.animation@1.0.0 (location: C:\Users\cgardner4864\Documents\GitHub\Holy-Guac\Holy guac map\Library\PackageCache\com.unity.modules.animation)
    com.unity.modules.assetbundle@1.0.0 (location: C:\Users\cgardner4864\Documents\GitHub\Holy-Guac\Holy guac map\Library\PackageCache\com.unity.modules.assetbundle)
    com.unity.modules.audio@1.0.0 (location: C:\Users\cgardner4864\Documents\GitHub\Holy-Guac\Holy guac map\Library\PackageCache\com.unity.modules.audio)
    com.unity.modules.cloth@1.0.0 (location: C:\Users\cgardner4864\Documents\GitHub\Holy-Guac\Holy guac map\Library\PackageCache\com.unity.modules.cloth)
    com.unity.modules.director@1.0.0 (location: C:\Users\cgardner4864\Documents\GitHub\Holy-Guac\Holy guac map\Library\PackageCache\com.unity.modules.director)
    com.unity.modules.imageconversion@1.0.0 (location: C:\Users\cgardner4864\Documents\GitHub\Holy-Guac\Holy guac map\Library\PackageCache\com.unity.modules.imageconversion)
    com.unity.modules.imgui@1.0.0 (location: C:\Users\cgardner4864\Documents\GitHub\Holy-Guac\Holy guac map\Library\PackageCache\com.unity.modules.imgui)
    com.unity.modules.jsonserialize@1.0.0 (location: C:\Users\cgardner4864\Documents\GitHub\Holy-Guac\Holy guac map\Library\PackageCache\com.unity.modules.jsonserialize)
    com.unity.modules.particlesystem@1.0.0 (location: C:\Users\cgardner4864\Documents\GitHub\Holy-Guac\Holy guac map\Library\PackageCache\com.unity.modules.particlesystem)
    com.unity.modules.physics@1.0.0 (location: C:\Users\cgardner4864\Documents\GitHub\Holy-Guac\Holy guac map\Library\PackageCache\com.unity.modules.physics)
    com.unity.modules.physics2d@1.0.0 (location: C:\Users\cgardner4864\Documents\GitHub\Holy-Guac\Holy guac map\Library\PackageCache\com.unity.modules.physics2d)
    com.unity.modules.physicscore2d@1.0.0 (location: C:\Users\cgardner4864\Documents\GitHub\Holy-Guac\Holy guac map\Library\PackageCache\com.unity.modules.physicscore2d)
    com.unity.modules.screencapture@1.0.0 (location: C:\Users\cgardner4864\Documents\GitHub\Holy-Guac\Holy guac map\Library\PackageCache\com.unity.modules.screencapture)
    com.unity.modules.terrain@1.0.0 (location: C:\Users\cgardner4864\Documents\GitHub\Holy-Guac\Holy guac map\Library\PackageCache\com.unity.modules.terrain)
    com.unity.modules.terrainphysics@1.0.0 (location: C:\Users\cgardner4864\Documents\GitHub\Holy-Guac\Holy guac map\Library\PackageCache\com.unity.modules.terrainphysics)
    com.unity.modules.tilemap@1.0.0 (location: C:\Users\cgardner4864\Documents\GitHub\Holy-Guac\Holy guac map\Library\PackageCache\com.unity.modules.tilemap)
    com.unity.modules.ui@1.0.0 (location: C:\Users\cgardner4864\Documents\GitHub\Holy-Guac\Holy guac map\Library\PackageCache\com.unity.modules.ui)
    com.unity.modules.uielements@1.0.0 (location: C:\Users\cgardner4864\Documents\GitHub\Holy-Guac\Holy guac map\Library\PackageCache\com.unity.modules.uielements)
    com.unity.modules.umbra@1.0.0 (location: C:\Users\cgardner4864\Documents\GitHub\Holy-Guac\Holy guac map\Library\PackageCache\com.unity.modules.umbra)
    com.unity.modules.unityanalytics@1.0.0 (location: C:\Users\cgardner4864\Documents\GitHub\Holy-Guac\Holy guac map\Library\PackageCache\com.unity.modules.unityanalytics)
    com.unity.modules.unitywebrequest@1.0.0 (location: C:\Users\cgardner4864\Documents\GitHub\Holy-Guac\Holy guac map\Library\PackageCache\com.unity.modules.unitywebrequest)
    com.unity.modules.unitywebrequestassetbundle@1.0.0 (location: C:\Users\cgardner4864\Documents\GitHub\Holy-Guac\Holy guac map\Library\PackageCache\com.unity.modules.unitywebrequestassetbundle)
    com.unity.modules.unitywebrequestaudio@1.0.0 (location: C:\Users\cgardner4864\Documents\GitHub\Holy-Guac\Holy guac map\Library\PackageCache\com.unity.modules.unitywebrequestaudio)
    com.unity.modules.unitywebrequesttexture@1.0.0 (location: C:\Users\cgardner4864\Documents\GitHub\Holy-Guac\Holy guac map\Library\PackageCache\com.unity.modules.unitywebrequesttexture)
    com.unity.modules.unitywebrequestwww@1.0.0 (location: C:\Users\cgardner4864\Documents\GitHub\Holy-Guac\Holy guac map\Library\PackageCache\com.unity.modules.unitywebrequestwww)
    com.unity.modules.vectorgraphics@1.0.0 (location: C:\Users\cgardner4864\Documents\GitHub\Holy-Guac\Holy guac map\Library\PackageCache\com.unity.modules.vectorgraphics)
    com.unity.modules.vehicles@1.0.0 (location: C:\Users\cgardner4864\Documents\GitHub\Holy-Guac\Holy guac map\Library\PackageCache\com.unity.modules.vehicles)
    com.unity.modules.video@1.0.0 (location: C:\Users\cgardner4864\Documents\GitHub\Holy-Guac\Holy guac map\Library\PackageCache\com.unity.modules.video)
    com.unity.modules.wind@1.0.0 (location: C:\Users\cgardner4864\Documents\GitHub\Holy-Guac\Holy guac map\Library\PackageCache\com.unity.modules.wind)
    com.unity.modules.xr@1.0.0 (location: C:\Users\cgardner4864\Documents\GitHub\Holy-Guac\Holy guac map\Library\PackageCache\com.unity.modules.xr)
    com.unity.modules.subsystems@1.0.0 (location: C:\Users\cgardner4864\Documents\GitHub\Holy-Guac\Holy guac map\Library\PackageCache\com.unity.modules.subsystems)
    com.unity.modules.hierarchycore@1.0.0 (location: C:\Users\cgardner4864\Documents\GitHub\Holy-Guac\Holy guac map\Library\PackageCache\com.unity.modules.hierarchycore)
[Subsystems] No new subsystems found in resolved package list.
[Package Manager] Done registering packages in 0.01 seconds
info: Microsoft.Hosting.Lifetime[14]
      Now listening on: http://localhost:80
info: Microsoft.Hosting.Lifetime[0]
      Application started. Press Ctrl+C to shut down.
info: Microsoft.Hosting.Lifetime[0]
      Hosting environment: Production
info: Microsoft.Hosting.Lifetime[0]
      Content root path: C:\Users\cgardner4864\Documents\GitHub\Holy-Guac\Holy guac map
info: Microsoft.AspNetCore.Hosting.Diagnostics[1]
      Request starting HTTP/2 POST http://ilpp/UnityILPP.PostProcessing/Ping - application/grpc -
info: Microsoft.AspNetCore.Routing.EndpointMiddleware[0]
      Executing endpoint 'gRPC - /UnityILPP.PostProcessing/Ping'
info: Microsoft.AspNetCore.Routing.EndpointMiddleware[1]
      Executed endpoint 'gRPC - /UnityILPP.PostProcessing/Ping'
info: Microsoft.AspNetCore.Hosting.Diagnostics[2]
      Request finished HTTP/2 POST http://ilpp/UnityILPP.PostProcessing/Ping - 200 - application/grpc 19.0460ms
Starting: C:\Program Files\Unity\Hub\Editor\6000.5.7f1\Editor\Data\Tools\BuildPipeline\bee_backend.exe --ipc --defer-dag-verification --dagfile="Library/Bee/1900b0aE.dag" --continue-on-failure --profile="Library/Bee/backend1.traceevents" ScriptAssemblies
WorkingDir: C:/Users/cgardner4864/Documents/GitHub/Holy-Guac/Holy guac map
ExitCode: 0 Duration: 0s61ms
*** Tundra build success (0.03 seconds), 0 items updated, 168 evaluated
AssetDatabase: script compilation time: 0.309025s
Begin MonoManager ReloadAssembly
Total cache size 137413192
Total cache size after purge 137413192, took 00:00:00.0910681
Native extension for WindowsStandalone target not found
ScheduleIndexationOnStartup MainProcess:True IndexOnStartup:True
Mono: successfully reloaded assembly
- Finished resetting the current domain, in  0.300 seconds
Domain Reload Profiling: 551ms
	BeginReloadAssembly (145ms)
		DisableScriptedObjects (20ms)
		CreateAndSetChildDomain (30ms)
	RebuildCommonClasses (6ms)
	RebuildNativeTypeToScriptingClass (10ms)
	initialDomainReloadingComplete (28ms)
	LoadAllAssembliesAndSetupDomain (60ms)
		LoadAssemblies (64ms)
		AnalyzeDomain (8ms)
			TypeCache.Refresh (5ms)
	FinalizeReload (302ms)
		SetupLoadedEditorAssemblies (0ms)
			BeforeProcessingInitializeOnLoad (55ms)
			ProcessInitializeOnLoadAttributes (58ms)
			ProcessInitializeOnLoadMethodAttributes (42ms)
			AfterProcessingInitializeOnLoad (4ms)
		AwakeInstancesAfterBackupRestoration (16ms)
Importing 'GUID: 66db00373938fd64f9bfbfb227b6e095 - Path: Assets/wall7 (7).prefab' with importer (PrefabImporter)
Imported 'GUID: 66db00373938fd64f9bfbfb227b6e095' -> (Import Result ID: '01396a9a589f3517df5f0035ee5a556f') in 0.006 seconds [static dependencies only]. Details - ImportResultOutputID=4bd0ec9dabf39558603b27529f29bc3f DependenciesID=1365611479aff599ab13da10799cd137 StaticDependenciesID=3f85e39ce4bcb43b82939c1e2a65241b 
Importing 'GUID: 6bbd9e42bcaeaef4aa1b55b4894fac17 - Path: Assets/wall7 (8).prefab' with importer (PrefabImporter)
Imported 'GUID: 6bbd9e42bcaeaef4aa1b55b4894fac17' -> (Import Result ID: '47455a50aa6a44b8ff2274b4584f7625') in 0.003 seconds [static dependencies only]. Details - ImportResultOutputID=f9d46cc70e955d364d02bdb9a1882125 DependenciesID=79b9e0e8ff8671169c576c4359b3cf38 StaticDependenciesID=cd93001aa144529a319c52c105927448 
Importing 'GUID: 2df266c07acf5c5449c492d99165d420 - Path: Assets/wall4 (4).prefab' with importer (PrefabImporter)
Imported 'GUID: 2df266c07acf5c5449c492d99165d420' -> (Import Result ID: '328686f415a65f04512a9febea1977ab') in 0.001 seconds [static dependencies only]. Details - ImportResultOutputID=35b7c7e080225cdb40af881f9c668f55 DependenciesID=6a7c3ee813cdf11a90c53eda10340345 StaticDependenciesID=246a353053e925aa250435ae0ca9164c 
Starting new worker id: 0 with log in C:/Users/cgardner4864/Documents/GitHub/Holy-Guac/Holy guac map/Logs/AssetImportWorkerHW0.log

Asset Pipeline Refresh (id=a3046d2d34618e54ba092f8a334c74c6): Total: 1.084 seconds - Initiated by InitialRefreshV2(ForceSynchronousImport)
	(Values over 0.05ms)
	Summary:
		Imports: total=3 (actual=3, local cache=0, cache server=0)
		Asset DB Process Time: managed=1 ms, native=425 ms
		Asset DB Callback time: managed=57 ms, native=10 ms
		Scripting: domain reloads=1, domain reload time=272 ms, compile time=311 ms, other=4 ms
		Project Asset Count: scripts=136, non-scripts=468
		Asset File Changes: new=3, changed=3, moved=0, deleted=3
		Scan Filter Count: 0
	InvokePackagesCallback: 10.276ms
	ApplyChangesToAssetFolders: 0.351ms
	Scan: 49.620ms
	Collect global state as custom dependencies: 5.662ms
	OnSourceAssetsModified: 0.462ms
	CategorizeScriptCompilationAssets: 0.194ms
	ProcessAssetsWithTransientArtifactChanges: 0.626ms
	CategorizeAssets: 2.403ms
	CompileScripts: 311.365ms
	ImportOutOfDateAssets: 324.686ms (304.746ms without children)
		ImportManagerImport: 11.038ms (0.892ms without children)
		UnloadImportedAssets: 0.104ms
		ImportSchedulerStart: 8.746ms
	PostProcessAllAssets: 57.806ms
		VCAutoAddAssetPostprocess 0.709ms
		VersionControlSettings.HiddenFilePostprocess 0.087ms
		MonoPostProcessAllAssets: 56.565ms
			AssetPostprocessor.OnPostprocessAllAssets 22.491ms
			StyleCatalogPostProcessor.OnPostprocessAllAssets 7.631ms
			AssetChangedListener.OnPostprocessAllAssets 4.906ms
			WindowAssetPostprocessingWatcher.OnPostprocessAllAssets 4.840ms
			BuilderAssetPostprocessor.OnPostprocessAllAssets 4.641ms
			SyncVS.PostprocessSyncProject 1.480ms
			SpeedTree9Postprocessor.OnPostprocessAllAssets 1.244ms
			RetainedModeAssetPostprocessor.OnPostprocessAllAssets 0.761ms
			EditModeScopePostprocessor.OnPostprocessAllAssets 0.654ms
			TextAssetPostProcessor.OnPostprocessAllAssets 0.473ms
			ArtifactBrowserPostProcessor.OnPostprocessAllAssets 0.387ms
			TerrainToolbarOverlayPostProcessor.OnPostprocessAllAssets 0.223ms
			ReferencedClipsPostProcessor.OnPostprocessAllAssets 0.221ms
			AudioMixerPostprocessor.OnPostprocessAllAssets 0.186ms
			SpeedTreePostProcessor.OnPostprocessAllAssets 0.184ms
			AssetEvents.OnPostprocessAllAssets 0.167ms
			AssetDatabaseCallbacks.OnPostprocessAllAssets 0.111ms
			ConfigAssetsTracker.OnPostprocessAllAssets 0.092ms
			ScenarioDriftAssetsTracker.OnPostprocessAllAssets 0.083ms
			RenderPipelineGlobalSettingsPostprocessor.OnPostprocessAllAssets 0.061ms
			AudioContainerPostProcessor.OnPostprocessAllAssets 0.052ms
	PostAssetChangesProfiler: 0.953ms
	UnloadStreamsBegin: 1.214ms
	PersistCurrentRevisions: 0.086ms
	GenerateScriptTypeHashes: 0.292ms
	GenerateScriptTypeSerializationHashes: 0.692ms
	Untracked: 311.061ms

Application.AssetDatabase Initial Refresh End
Launched and connected shader compiler UnityShaderCompiler.exe after 0.01 seconds
Scanning for USB devices : 3.698ms
Initializing Unity extensions:
[MODES] ModeService[none].Initialize
[MODES] ModeService[none].LoadModes
[MODES] Loading mode Default (0) for mode-current-id-Holy guac map
Unloading 2 Unused Serialized files (Serialized files now loaded: 0)
Loaded scene 'Assets/Free Pack/scenes/Demo.unity'
	Deserialize:            2.859 ms
	Integration:            27.296 ms
	Integration of assets:  0.004 ms
	Thread Wait Time:       0.050 ms
	Total Operation Time:   30.209 ms
Unloading 80 unused Assets / (490.4 KB). Loaded Objects now: 2762.
Memory consumption went from 229.5 MB to 229.0 MB.
Total: 3.477400 ms (FindLiveObjects: 0.104500 ms CreateObjectMapping: 0.076600 ms MarkObjects: 3.084900 ms  DeleteObjects: 0.209400 ms)

[LAYOUT] About to load UserSettings\Layouts\default-6000.dwlt, keepMainWindow=False
[LAYOUT] About to save layout C:\Users\cgardner4864\Documents\GitHub\Holy-Guac\Holy guac map\UserSettings\Layouts\default-6000.dwlt
[LAYOUT] About to save layout C:/Users/cgardner4864/AppData/Roaming/Unity/Editor-5.x/Preferences\Layouts\current\default-6000.dwlt
[MODES] ModeService[default].InitializeCurrentMode
[MODES] ModeService[default].RaiseModeChanged(default, default)
This project uses Input Manager, which is marked for deprecation. To manage input in your project, use the <a href="https://docs.unity3d.com/Packages/com.unity.inputsystem@latest">Input System package</a> instead.
<RI> Initializing input.
XInput1_3.dll not found. Trying XInput9_1_0.dll instead...
<RI> Input initialized.
[Project] Loading completed in 5.418 seconds
	Project init time: 				4.537 seconds
		Template init time: 		0.000 seconds
		Package Manager init time: 		1.449 seconds
		Asset Database init time: 		0.779 seconds
		Global illumination init time: 	0.002 seconds
		Assemblies load time: 			0.630 seconds
		Unity extensions init time: 	0.000 seconds
		Asset Database refresh time: 	1.084 seconds
	Scene opening time: 			0.768 seconds
##utp:{"type":"ProjectInfo","version":2,"phase":"Immediate","time":1791467612084,"processId":30036,"projectLoad":5.4182646000000009,"projectInit":4.5365101,"templateInit":0.0,"packageManagerInit":1.4487882,"assetDatabaseInit":0.7794494,"globalIlluminationInit":0.0021133,"assembliesLoad":0.6303717,"unityExtensionsInit":0.0004586,"assetDatabaseRefresh":1.0838265,"sceneOpening":0.7676294}
##utp:{"type":"EditorInfo","version":2,"phase":"Immediate","time":1791467612084,"processId":30036,"editorVersion":"6000.5.7f1 (017862109af0)","branch":"6000.5/staging","buildType":"Release","platform":"Windows"}
Asset Pipeline Refresh (id=4592d335bbfc7fa448e98858c6db311a): Total: 0.019 seconds - Initiated by RefreshV2(AllowForceSynchronousImport)
Worker ready: AssetImportWorkerHW0 0
Dynamic Batching is deprecated and will be removed in a future release. Use GPU Instancing instead. Disable Dynamic Batching in Project Settings > Player > Other Settings to remove this warning.
UnityEngine.Debug:ExtractStackTraceNoAlloc (byte*,int,string)
UnityEngine.StackTraceUtility:ExtractStackTrace ()
UnityEngine.DebugLogHandler:Internal_Log (UnityEngine.LogType,UnityEngine.LogOption,string,UnityEngine.Object)
UnityEngine.DebugLogHandler:LogFormat (UnityEngine.LogType,UnityEngine.Object,string,object[])
UnityEngine.Logger:Log (UnityEngine.LogType,object)
UnityEngine.Debug:LogWarning (object)
UnityEditor.PlayerSettingsBatchingWarning:WarnIfDynamicBatchingEnabled ()
UnityEditor.EditorApplication:Internal_CallUpdateFunctions ()

Start Indexing on Editor startup
[Indexing] Starting Initial Indexing for Assets
Created GICache directory at C:/Users/cgardner4864/AppData/LocalLow/Unity/Caches/GiCache. Took: 0.006s, timestamps: [5.764 - 5.771]
[Licensing::Client] Successfully resolved entitlement details
[Licensing::Client] Successfully resolved entitlement details
[Licensing::Client] Successfully resolved entitlement details
[Licensing::Client] Successfully resolved entitlement details
[Licensing::Client] Successfully updated the access token
[Licensing::Module] Successfully updated access token: "K81Bdk7B"... (expires: 2026-10-08T15:21:04Z)
[Licensing::Client] Successfully resolved entitlement details
[Licensing::Client] Successfully resolved entitlement details
[Licensing::Client] Successfully resolved entitlement details
[Licensing::Client] Successfully resolved entitlement details
[Licensing::Client] Successfully resolved entitlement details
[Licensing::Client] Successfully resolved entitlement details
[Licensing::Client] Successfully resolved entitlement details
[Licensing::Client] Successfully resolved entitlement details
[Licensing::Client] Successfully resolved entitlement details
[Licensing::Client] Successfully resolved entitlement details
[Licensing::Client] Successfully resolved entitlement details
[Licensing::Client] Successfully resolved entitlement details
[Licensing::Client] Successfully resolved entitlement details
[Licensing::Client] Successfully resolved entitlement details
[Licensing::Client] Successfully resolved entitlement details
[Licensing::Client] Successfully resolved entitlement details
[Licensing::Client] Successfully resolved entitlement details
[Licensing::Client] Successfully resolved entitlement details
Starting new worker id: 1 with log in C:/Users/cgardner4864/Documents/GitHub/Holy-Guac/Holy guac map/Logs/AssetImportWorkerHW1.log
[Licensing::Client] Successfully resolved entitlement details
[Licensing::Client] Successfully resolved entitlement details
[Licensing::Client] Successfully resolved entitlement details
[Licensing::Client] Successfully resolved entitlement details
[Licensing::Client] Successfully resolved entitlement details
[Worker0] Imported GUID: 6bbd9e42bcaeaef4aa1b55b4894fac17 - Path: Assets/wall7 (8).prefab - Importer: ScriptedImporter/UnityEditor.QuickSearchModule:UnityEditor.Search:ASIAI0B -> (ImportResultId: 'e24072c64f859d9d43c671676a8bb83f') in 0.0849758 seconds
[Worker0] Imported GUID: 2df266c07acf5c5449c492d99165d420 - Path: Assets/wall4 (4).prefab - Importer: ScriptedImporter/UnityEditor.QuickSearchModule:UnityEditor.Search:ASIAI0B -> (ImportResultId: '20d3991561c47e5a7eb0d12820623639') in 0.0044967 seconds
[Licensing::Client] Successfully resolved entitlement details
[Worker0] Imported GUID: 66db00373938fd64f9bfbfb227b6e095 - Path: Assets/wall7 (7).prefab - Importer: ScriptedImporter/UnityEditor.QuickSearchModule:UnityEditor.Search:ASIAI0B -> (ImportResultId: '6d6474060dace49937d03bcaf861cd12') in 0.0054332 seconds
[Licensing::Client] Successfully resolved entitlement details
[Licensing::Client] Successfully resolved entitlement details
[Licensing::Client] Successfully resolved entitlement details
[Licensing::Client] Successfully resolved entitlement details
[Licensing::Client] Successfully resolved entitlement details
Worker ready: AssetImportWorkerHW1 1
[Worker0] Imported GUID: 2df266c07acf5c5449c492d99165d420 - Path: Assets/wall4 (4).prefab - Importer: PreviewImporter -> (ImportResultId: 'd16e8dd0c302a704f97e355d389a9dba') in 0.0171697 seconds
[Worker0] Imported GUID: 6bbd9e42bcaeaef4aa1b55b4894fac17 - Path: Assets/wall7 (8).prefab - Importer: PreviewImporter -> (ImportResultId: '912cfc4c594b4b06b0c541a339c6b57d') in 0.0007921 seconds
[Worker1] Imported GUID: 66db00373938fd64f9bfbfb227b6e095 - Path: Assets/wall7 (7).prefab - Importer: PreviewImporter -> (ImportResultId: 'f636c091c41ef8eef72d477d872822a3') in 0.0274391 seconds
MonoPathRemapper: Attempts to remap: 4891; Successful remaps: 364
Serialized file version minimum: 23, current 23
[LAYOUT] About to save layout C:\Users\cgardner4864\Documents\GitHub\Holy-Guac\Holy guac map\UserSettings\Layouts\default-6000.dwlt
[LAYOUT] About to save layout C:/Users/cgardner4864/AppData/Roaming/Unity/Editor-5.x/Preferences\Layouts\current\default-6000.dwlt
[Physics::Module] Cleanup current backend.
[Physics::Module] Id: 0xf2b8ea05
Input System module state changed to: ShutdownInProgress.
Input Polling Thread exited.
Input System module state changed to: Shutdown.
[Licensing::IpcConnector] LicenseClient-cgardner4864-6000.5.7-notifications channel disconnected successfully.
[Licensing::IpcConnector] LicenseClient-cgardner4864-6000.5.7 channel disconnected successfully.
Shut down.
AcceleratorClientConnectionCallback - disconnected - :0
Cleanup mono
CodeReloadManager destroyed
abort_threads: Failed aborting id: 0000000000004B7C, mono_thread_manage will ignore it

abort_threads: Failed aborting id: 0000000000007B68, mono_thread_manage will ignore it

abort_threads: Failed aborting id: 0000000000004B7C, mono_thread_manage will ignore it

abort_threads: Failed aborting id: 0000000000007B68, mono_thread_manage will ignore it

debugger-agent: Unable to listen on 5352
Checking for leaked weakptr:
  Found no leaked weakptrs.
[Package Manager] Server process was shutdown
##utp:{"type":"MemoryLeaks","version":2,"phase":"Immediate","time":1791467629934,"processId":30036,"allocatedMemory":46915681,"memoryLabels":[{"Default":194135},{"Permanent":15516},{"NewDelete":72125},{"Thread":4206712},{"Manager":51400},{"VertexData":8},{"Geometry":816},{"Texture":24},{"Shader":849392},{"Material":24},{"GfxDevice":62072},{"GfxThread":4608},{"Animation":952},{"Audio":1544},{"FreeType":8},{"FontEngine":736},{"Physics":2146},{"Physics2D":16},{"Serialization":193640},{"Input":42840},{"JobScheduler":256},{"TextLib":48277},{"Mono":48},{"ScriptingNativeRuntime":674964},{"BaseObject":1675657},{"Resource":1208},{"Renderer":3080},{"Transform":4685},{"File":48556},{"WebCam":616},{"Culling":32},{"Terrain":11442},{"Wind":24},{"STL":40},{"String":9518},{"StaticString":3808},{"Utility":2676098},{"PoolAlloc":2168},{"AI":80},{"TypeTree":8869},{"CodeReload":448},{"RuntimeInitializeOnLoadManager":64},{"Sprites":102},{"SpriteAtlas":120},{"GI":7816},{"Director":8296},{"CloudService":7064},{"WebRequest":7705},{"VR":47114},{"SceneManager":608},{"Video":208},{"LazyScriptCache":32},{"NativeArray":33073632},{"Camera":609},{"Secure":265},{"SerializationCache":1576},{"APIUpdating":10320},{"Subsystems":336},{"VirtualTexturing":57888},{"StaticSafetyDebugInfo":278528},{"Analytics":552},{"Hierarchy":1176},{"UIElements":1221344},{"CoreStats":13688},{"Identifiers":6768},{"Gui":267608},{"EditorUtility":179327},{"VersionControl":8},{"Undo":931},{"AssetDatabase":805633},{"AssetImporter":40},{"EditorGi":328},{"UnityConnect":35345},{"Upm":1988},{"UpmDiagnostics":8},{"AssetCompliance":64},{"DrivenProperties":72},{"LocalIPC":218},{"ProfilerEditor":9746},{"CoreBusinessMetrics":3486},{"Windowing":456},{"Licensing":664},{"AssetReference":32},{"IPCStream":32}]}
