[2026-10-08T13:53:26.916Z][INFO] Command-line: 'C:\\Program Files\\Unity\\Hub\\Editor\\6000.5.7f1\\Editor\\Data\\Resources\\PackageManager\\Server\\UnityPackageManager.exe' server -s 30036 --ipc-path Unity-Upm-30036 -l 2 --log-file 'C:\\Users\\cgardner4864\\Documents\\GitHub\\Holy-Guac\\Holy guac map/Logs/upm.log'
[2026-10-08T13:53:26.934Z][INFO] IPC server started (IPC path=Unity-Upm-30036).
[2026-10-08T13:53:26.934Z][INFO] Hint: To connect to this UPM instance, launch Unity with the command-line parameter -upmIpcPath Upm-30036.
[2026-10-08T13:53:29.973Z][INFO] project:list-packages <-- Request received
params: {}
[2026-10-08T13:53:30.037Z][INFO] project:list-packages --> 200 (64 ms)
[2026-10-08T13:53:30.069Z][INFO] project:list-packages <-- Request received
params: {}
[2026-10-08T13:53:30.084Z][INFO] config:project:get-registries <-- Request received
params: {}
[2026-10-08T13:53:30.087Z][INFO] config:project:get-registries --> 200 (3 ms)
[2026-10-08T13:53:30.318Z][INFO] project:list-packages --> 200 (249 ms)
[2026-10-08T13:53:31.009Z][INFO] project:list-packages <-- Request received
params: {}
[2026-10-08T13:53:31.023Z][INFO] project:list-packages <-- Request received
params: {}
[2026-10-08T13:53:31.053Z][INFO] config:project:get-registries <-- Request received
params: {}
[2026-10-08T13:53:31.056Z][INFO] config:project:get-registries --> 200 (3 ms)
[2026-10-08T13:53:31.169Z][INFO] project:list-packages --> 200 (146 ms)
[2026-10-08T13:53:31.275Z][INFO] project:list-packages --> 200 (266 ms)
[2026-10-08T13:53:31.833Z][INFO] project:list-packages <-- Request received
params: {}
[2026-10-08T13:53:31.850Z][INFO] project:list-packages <-- Request received
params: {}
[2026-10-08T13:53:31.858Z][INFO] packages:get-all-packageinfo <-- Request received
params: {}
[2026-10-08T13:53:31.869Z][INFO] packages:get-all-packageinfo <-- Request received
params: {}
[2026-10-08T13:53:31.879Z][INFO] project:list-packages <-- Request received
params: {}
[2026-10-08T13:53:31.893Z][INFO] project:list-packages <-- Request received
params: {}
[2026-10-08T13:53:31.924Z][INFO] project:list-packages --> 200 (30 ms)
[2026-10-08T13:53:32.004Z][INFO] project:list-packages --> 200 (154 ms)
[2026-10-08T13:53:32.080Z][INFO] project:list-packages <-- Request received
params: {}
[2026-10-08T13:53:32.227Z][INFO] project:list-packages --> 200 (394 ms)
[2026-10-08T13:53:32.228Z][INFO] project:list-packages --> 200 (350 ms)
[2026-10-08T13:53:32.476Z][INFO] packages:get-all-packageinfo --> 200 (608 ms)
[2026-10-08T13:53:32.573Z][INFO] project:list-packages --> 200 (493 ms)
[2026-10-08T13:53:33.256Z][INFO] packages:get-all-packageinfo --> 200 (1398 ms)
[2026-10-08T13:53:33.268Z][INFO] packages:get-packageinfo <-- Request received
params: {
  "packageId": "com.unity.addressables@2.9.1"
}
[2026-10-08T13:53:33.283Z][INFO] packages:get-packageinfo <-- Request received
params: {
  "packageId": "com.unity.ads.ios-support@1.0.1"
}
[2026-10-08T13:53:33.293Z][INFO] packages:get-packageinfo --> 200 (25 ms)
[2026-10-08T13:53:33.296Z][INFO] packages:get-packageinfo <-- Request received
params: {
  "packageId": "com.unity.asset-manager-for-unity@1.11.0"
}
[2026-10-08T13:53:33.311Z][INFO] packages:get-packageinfo <-- Request received
params: {
  "packageId": "com.unity.ide.rider@3.0.40"
}
[2026-10-08T13:53:33.323Z][INFO] packages:get-packageinfo --> 200 (12 ms)
[2026-10-08T13:53:33.325Z][INFO] packages:get-packageinfo <-- Request received
params: {
  "packageId": "com.unity.learn.iet-framework@5.0.4"
}
[2026-10-08T13:53:33.340Z][INFO] packages:get-packageinfo --> 200 (15 ms)
[2026-10-08T13:53:33.340Z][INFO] packages:get-packageinfo <-- Request received
params: {
  "packageId": "com.unity.learn.iet-framework.authoring@1.5.4"
}
[2026-10-08T13:53:33.354Z][INFO] packages:get-packageinfo <-- Request received
params: {
  "packageId": "com.unity.mobile.notifications@2.4.3"
}
[2026-10-08T13:53:33.362Z][INFO] packages:get-packageinfo --> 200 (21 ms)
[2026-10-08T13:53:33.367Z][INFO] packages:get-packageinfo --> 200 (14 ms)
[2026-10-08T13:53:33.368Z][INFO] packages:get-packageinfo <-- Request received
params: {
  "packageId": "com.unity.platformtoolkit@1.1.0"
}
[2026-10-08T13:53:33.378Z][INFO] packages:get-packageinfo <-- Request received
params: {
  "packageId": "com.unity.polyspatial.extensions@3.1.5"
}
[2026-10-08T13:53:33.387Z][INFO] packages:get-packageinfo --> 200 (19 ms)
[2026-10-08T13:53:33.390Z][INFO] packages:get-packageinfo --> 200 (12 ms)
[2026-10-08T13:53:33.392Z][INFO] packages:get-packageinfo <-- Request received
params: {
  "packageId": "com.unity.polyspatial.visionos@3.1.5"
}
[2026-10-08T13:53:33.403Z][INFO] packages:get-packageinfo --> 200 (120 ms)
[2026-10-08T13:53:33.406Z][INFO] packages:get-packageinfo <-- Request received
params: {
  "packageId": "com.unity.project-auditor-rules@1.0.3"
}
[2026-10-08T13:53:33.419Z][INFO] packages:get-packageinfo --> 200 (13 ms)
[2026-10-08T13:53:33.420Z][INFO] packages:get-packageinfo --> 200 (124 ms)
[2026-10-08T13:53:33.420Z][INFO] packages:get-packageinfo <-- Request received
params: {
  "packageId": "com.unity.scriptablebuildpipeline@2.6.2"
}
[2026-10-08T13:53:33.434Z][INFO] packages:get-packageinfo <-- Request received
params: {
  "packageId": "com.unity.services.authentication@3.7.4"
}
[2026-10-08T13:53:33.447Z][INFO] packages:get-packageinfo <-- Request received
params: {
  "packageId": "com.unity.services.friends@1.1.1"
}
[2026-10-08T13:53:33.459Z][INFO] packages:get-packageinfo --> 200 (12 ms)
[2026-10-08T13:53:33.461Z][INFO] packages:get-packageinfo <-- Request received
params: {
  "packageId": "com.unity.services.moderation@1.0.2"
}
[2026-10-08T13:53:33.473Z][INFO] packages:get-packageinfo --> 200 (12 ms)
[2026-10-08T13:53:33.475Z][INFO] packages:get-packageinfo <-- Request received
params: {
  "packageId": "com.unity.test-framework.performance@3.5.0"
}
[2026-10-08T13:53:33.488Z][INFO] packages:get-packageinfo --> 200 (13 ms)
[2026-10-08T13:53:33.489Z][INFO] packages:get-packageinfo <-- Request received
params: {
  "packageId": "com.unity.xr.androidxr-openxr@1.3.2"
}
[2026-10-08T13:53:33.501Z][INFO] packages:get-packageinfo --> 200 (12 ms)
[2026-10-08T13:53:33.503Z][INFO] packages:get-packageinfo <-- Request received
params: {
  "packageId": "com.unity.xr.arcore@6.5.1"
}
[2026-10-08T13:53:33.514Z][INFO] packages:get-packageinfo --> 200 (122 ms)
[2026-10-08T13:53:33.516Z][INFO] packages:get-packageinfo <-- Request received
params: {
  "packageId": "com.unity.xr.arfoundation@6.5.1"
}
[2026-10-08T13:53:33.531Z][INFO] packages:get-packageinfo <-- Request received
params: {
  "packageId": "com.unity.xr.arkit@6.5.1"
}
[2026-10-08T13:53:33.541Z][INFO] packages:get-packageinfo --> 200 (121 ms)
[2026-10-08T13:53:33.543Z][INFO] packages:get-packageinfo --> 200 (27 ms)
[2026-10-08T13:53:33.545Z][INFO] packages:get-all-packageinfo <-- Request received
params: {}
[2026-10-08T13:53:33.555Z][INFO] packages:get-packageinfo --> 200 (121 ms)
[2026-10-08T13:53:33.558Z][INFO] project:list-packages <-- Request received
params: {}
[2026-10-08T13:53:33.577Z][INFO] packages:get-packageinfo <-- Request received
params: {
  "packageId": "com.unity.xr.compositionlayers@2.5.0"
}
[2026-10-08T13:53:33.586Z][INFO] packages:get-packageinfo <-- Request received
params: {
  "packageId": "com.unity.xr.hands@1.8.1"
}
[2026-10-08T13:53:33.593Z][INFO] project:list-packages --> 200 (35 ms)
[2026-10-08T13:53:33.598Z][INFO] packages:get-packageinfo --> 200 (21 ms)
[2026-10-08T13:53:33.600Z][INFO] packages:get-packageinfo <-- Request received
params: {
  "packageId": "com.unity.xr.interaction.toolkit@3.5.1"
}
[2026-10-08T13:53:33.614Z][INFO] packages:get-packageinfo <-- Request received
params: {
  "packageId": "com.unity.xr.management@4.5.4"
}
[2026-10-08T13:53:33.629Z][INFO] packages:get-packageinfo --> 200 (29 ms)
[2026-10-08T13:53:33.630Z][INFO] packages:get-packageinfo <-- Request received
params: {
  "packageId": "com.unity.xr.meta-openxr@2.5.1"
}
[2026-10-08T13:53:33.640Z][INFO] packages:get-packageinfo --> 200 (137 ms)
[2026-10-08T13:53:33.642Z][INFO] packages:get-packageinfo <-- Request received
params: {
  "packageId": "com.unity.xr.openxr@1.17.1"
}
[2026-10-08T13:53:33.654Z][INFO] packages:get-packageinfo --> 200 (40 ms)
[2026-10-08T13:53:33.657Z][INFO] packages:get-packageinfo <-- Request received
params: {
  "packageId": "com.unity.xr.visionos@3.1.5"
}
[2026-10-08T13:53:33.666Z][INFO] packages:get-packageinfo --> 200 (135 ms)
[2026-10-08T13:53:33.671Z][INFO] packages:get-packageinfo --> 200 (28 ms)
[2026-10-08T13:53:33.671Z][INFO] project:list-packages <-- Request received
params: {}
[2026-10-08T13:53:33.709Z][INFO] packages:get-packageinfo --> 200 (123 ms)
[2026-10-08T13:53:33.742Z][INFO] packages:get-packageinfo --> 200 (112 ms)
[2026-10-08T13:53:33.895Z][INFO] project:list-packages --> 200 (224 ms)
[2026-10-08T13:53:34.086Z][INFO] packages:get-packageinfo --> 200 (429 ms)
[2026-10-08T13:53:34.146Z][INFO] packages:get-all-packageinfo --> 200 (601 ms)
